Error: xattr.FRemove foo.txt user.shatag.ts: no data available  xattr.FRemove foo.txt user.shatag.sha256: no data available
