Error: "foo" is a directory, did you mean to use the '-recursive' option?
